******************************************************************************
                  TI ARM Linker PC v18.12.2                    
******************************************************************************
>> Linked Wed Nov 13 13:30:51 2019

OUTPUT FILE NAME:   <GPIO_Driver.out>
ENTRY POINT SYMBOL: "_c_int00_noargs"  address: 00000885


MEMORY CONFIGURATION

         name            origin    length      used     unused   attr    fill
----------------------  --------  ---------  --------  --------  ----  --------
  FLASH                 00000000   00040000  000009be  0003f642  R  X
  SRAM                  20000000   00008000  0000032d  00007cd3  RW X


SEGMENT ALLOCATION MAP

run origin  load origin   length   init length attrs members
----------  ----------- ---------- ----------- ----- -------
00000000    00000000    000009c0   000009c0    r-x
  00000000    00000000    0000026c   0000026c    r-- .intvecs
  0000026c    0000026c    0000069a   0000069a    r-x .text
  00000908    00000908    000000b8   000000b8    r-- .cinit
20000000    20000000    0000032d   00000000    rw-
  20000000    20000000    00000200   00000000    rw- .stack
  20000200    20000200    0000012d   00000000    rw- .data


SECTION ALLOCATION MAP

 output                                  attributes/
section   page    origin      length       input sections
--------  ----  ----------  ----------   ----------------
.intvecs   0    00000000    0000026c     
                  00000000    0000026c     tm4c1231h6pm_startup_ccs.obj (.intvecs)

.text      0    0000026c    0000069a     
                  0000026c    000002f4     port.obj (.text)
                  00000560    000000f0     SysCtr.obj (.text)
                  00000650    000000ec     dio.obj (.text)
                  0000073c    0000009c     rtsv7M4_T_le_v4SPD16_eabi.lib : memcpy_t2.asm.obj (.text)
                  000007d8    00000068                                   : copy_decompress_lzss.c.obj (.text:decompress:lzss:__TI_decompress_lzss)
                  00000840    00000044                                   : autoinit.c.obj (.text:__TI_auto_init_nobinit_nopinit:__TI_auto_init_nobinit_nopinit)
                  00000884    00000034                                   : boot_cortex_m.c.obj (.text:_c_int00_noargs:_c_int00_noargs)
                  000008b8    00000024     lab_00_dio.obj (.text)
                  000008dc    0000000e     rtsv7M4_T_le_v4SPD16_eabi.lib : copy_decompress_none.c.obj (.text:decompress:none:__TI_decompress_none)
                  000008ea    0000000c     tm4c1231h6pm_startup_ccs.obj (.text)
                  000008f6    00000008     main.obj (.text)
                  000008fe    00000004     rtsv7M4_T_le_v4SPD16_eabi.lib : pre_init.c.obj (.text:_system_pre_init)
                  00000902    00000004                                   : exit.c.obj (.text:abort:abort)

.cinit     0    00000908    000000b8     
                  00000908    000000a6     (.cinit..data.load) [load image, compression = lzss]
                  000009ae    00000002     --HOLE-- [fill = 0]
                  000009b0    00000008     (__TI_handler_table)
                  000009b8    00000008     (__TI_cinit_table)

.init_array 
*          0    00000000    00000000     UNINITIALIZED

.data      0    20000200    0000012d     UNINITIALIZED
                  20000200    0000012d     port_lcfg.obj (.data:PortCfgArr)

.stack     0    20000000    00000200     UNINITIALIZED
                  20000000    00000004     rtsv7M4_T_le_v4SPD16_eabi.lib : boot_cortex_m.c.obj (.stack)
                  20000004    000001fc     --HOLE--

MODULE SUMMARY

       Module                         code   ro data   rw data
       ------                         ----   -------   -------
    .\
       tm4c1231h6pm_startup_ccs.obj   12     620       0      
       main.obj                       8      0         0      
    +--+------------------------------+------+---------+---------+
       Total:                         20     620       0      
                                                              
    .\tm4c123_firmware\appl\
       lab_00_dio.obj                 36     0         0      
    +--+------------------------------+------+---------+---------+
       Total:                         36     0         0      
                                                              
    .\tm4c123_firmware\config\
       port_lcfg.obj                  0      0         301    
    +--+------------------------------+------+---------+---------+
       Total:                         0      0         301    
                                                              
    .\tm4c123_firmware\mcal\dio\
       dio.obj                        236    0         0      
    +--+------------------------------+------+---------+---------+
       Total:                         236    0         0      
                                                              
    .\tm4c123_firmware\mcal\port_driver\
       port.obj                       756    0         0      
    +--+------------------------------+------+---------+---------+
       Total:                         756    0         0      
                                                              
    .\tm4c123_firmware\mcal\sys_ctr\
       SysCtr.obj                     240    0         0      
    +--+------------------------------+------+---------+---------+
       Total:                         240    0         0      
                                                              
    C:\ti\ccs910\ccs\tools\compiler\ti-cgt-arm_18.12.2.LTS\lib\rtsv7M4_T_le_v4SPD16_eabi.lib
       memcpy_t2.asm.obj              156    0         0      
       copy_decompress_lzss.c.obj     104    0         0      
       autoinit.c.obj                 68     0         0      
       boot_cortex_m.c.obj            52     0         0      
       copy_decompress_none.c.obj     14     0         0      
       exit.c.obj                     4      0         0      
       pre_init.c.obj                 4      0         0      
    +--+------------------------------+------+---------+---------+
       Total:                         402    0         0      
                                                              
       Stack:                         0      0         512    
       Linker Generated:              0      182       0      
    +--+------------------------------+------+---------+---------+
       Grand Total:                   1690   802       813    


LINKER GENERATED COPY TABLES

__TI_cinit_table @ 000009b8 records: 1, size/record: 8, table size: 8
	.data: load addr=00000908, load size=000000a6 bytes, run addr=20000200, run size=0000012d bytes, compression=lzss


LINKER GENERATED HANDLER TABLE

__TI_handler_table @ 000009b0 records: 2, size/record: 4, table size: 8
	index: 0, handler: __TI_decompress_lzss
	index: 1, handler: __TI_decompress_none


GLOBAL SYMBOLS: SORTED ALPHABETICALLY BY Name 

address   name                          
-------   ----                          
00000903  C$$EXIT                       
00000711  Dio_FlipChannel               
0000071d  Dio_FlipPort                  
00000651  Dio_ReadChannel               
000006d5  Dio_ReadPort                  
0000068d  Dio_WriteChannel              
000006ed  Dio_WritePort                 
0000026d  PORT_init                     
20000200  PortCfgArr                    
000008eb  ResetISR                      
00000561  SysCtr_init                   
20000200  __STACK_END                   
00000200  __STACK_SIZE                  
20000200  __STACK_TOP                   
000009b8  __TI_CINIT_Base               
000009c0  __TI_CINIT_Limit              
000009b0  __TI_Handler_Table_Base       
000009b8  __TI_Handler_Table_Limit      
00000841  __TI_auto_init_nobinit_nopinit
000007d9  __TI_decompress_lzss          
000008dd  __TI_decompress_none          
ffffffff  __TI_pprof_out_hndl           
ffffffff  __TI_prof_data_size           
ffffffff  __TI_prof_data_start          
00000000  __TI_static_base__            
0000073d  __aeabi_memcpy                
0000073d  __aeabi_memcpy4               
0000073d  __aeabi_memcpy8               
ffffffff  __binit__                     
ffffffff  __c_args__                    
UNDEFED   __mpu_init                    
20000000  __stack                       
00000885  _c_int00_noargs               
UNDEFED   _system_post_cinit            
000008ff  _system_pre_init              
00000903  abort                         
ffffffff  binit                         
00000000  g_pfnVectors                  
000008b9  lab_00_dio                    
000008f7  main                          
0000073d  memcpy                        


GLOBAL SYMBOLS: SORTED BY Symbol Address 

address   name                          
-------   ----                          
00000000  __TI_static_base__            
00000000  g_pfnVectors                  
00000200  __STACK_SIZE                  
0000026d  PORT_init                     
00000561  SysCtr_init                   
00000651  Dio_ReadChannel               
0000068d  Dio_WriteChannel              
000006d5  Dio_ReadPort                  
000006ed  Dio_WritePort                 
00000711  Dio_FlipChannel               
0000071d  Dio_FlipPort                  
0000073d  __aeabi_memcpy                
0000073d  __aeabi_memcpy4               
0000073d  __aeabi_memcpy8               
0000073d  memcpy                        
000007d9  __TI_decompress_lzss          
00000841  __TI_auto_init_nobinit_nopinit
00000885  _c_int00_noargs               
000008b9  lab_00_dio                    
000008dd  __TI_decompress_none          
000008eb  ResetISR                      
000008f7  main                          
000008ff  _system_pre_init              
00000903  C$$EXIT                       
00000903  abort                         
000009b0  __TI_Handler_Table_Base       
000009b8  __TI_CINIT_Base               
000009b8  __TI_Handler_Table_Limit      
000009c0  __TI_CINIT_Limit              
20000000  __stack                       
20000200  PortCfgArr                    
20000200  __STACK_END                   
20000200  __STACK_TOP                   
ffffffff  __TI_pprof_out_hndl           
ffffffff  __TI_prof_data_size           
ffffffff  __TI_prof_data_start          
ffffffff  __binit__                     
ffffffff  __c_args__                    
ffffffff  binit                         
UNDEFED   __mpu_init                    
UNDEFED   _system_post_cinit            

[41 symbols]
