******************************************************************************
                  TI ARM Linker PC v18.12.2                    
******************************************************************************
>> Linked Wed Nov 13 17:41:30 2019

OUTPUT FILE NAME:   <GPIO_Driver.out>
ENTRY POINT SYMBOL: "_c_int00_noargs"  address: 00000659


MEMORY CONFIGURATION

         name            origin    length      used     unused   attr    fill
----------------------  --------  ---------  --------  --------  ----  --------
  FLASH                 00000000   00040000  00000786  0003f87a  R  X
  SRAM                  20000000   00008000  0000033b  00007cc5  RW X


SEGMENT ALLOCATION MAP

run origin  load origin   length   init length attrs members
----------  ----------- ---------- ----------- ----- -------
00000000    00000000    0000078c   0000078c    r-x
  00000000    00000000    0000026c   0000026c    r-- .intvecs
  0000026c    0000026c    0000045e   0000045e    r-x .text
  000006d0    000006d0    000000bc   000000bc    r-- .cinit
20000000    20000000    0000033b   00000000    rw-
  20000000    20000000    00000200   00000000    rw- .stack
  20000200    20000200    0000013b   00000000    rw- .data


SECTION ALLOCATION MAP

 output                                  attributes/
section   page    origin      length       input sections
--------  ----  ----------  ----------   ----------------
.intvecs   0    00000000    0000026c     
                  00000000    0000026c     tm4c1231h6pm_startup_ccs.obj (.intvecs)

.text      0    0000026c    0000045e     
                  0000026c    0000015c     port.obj (.text)
                  000003c8    000000d0     SysCtr.obj (.text)
                  00000498    0000009c     rtsv7M4_T_le_v4SPD16_eabi.lib : memcpy_t2.asm.obj (.text)
                  00000534    00000078     dio.obj (.text)
                  000005ac    00000068     rtsv7M4_T_le_v4SPD16_eabi.lib : copy_decompress_lzss.c.obj (.text:decompress:lzss:__TI_decompress_lzss)
                  00000614    00000044                                   : autoinit.c.obj (.text:__TI_auto_init_nobinit_nopinit:__TI_auto_init_nobinit_nopinit)
                  00000658    00000034                                   : boot_cortex_m.c.obj (.text:_c_int00_noargs:_c_int00_noargs)
                  0000068c    0000001c     lab_00_dio.obj (.text)
                  000006a8    0000000e     rtsv7M4_T_le_v4SPD16_eabi.lib : copy_decompress_none.c.obj (.text:decompress:none:__TI_decompress_none)
                  000006b6    0000000c     tm4c1231h6pm_startup_ccs.obj (.text)
                  000006c2    00000004     rtsv7M4_T_le_v4SPD16_eabi.lib : pre_init.c.obj (.text:_system_pre_init)
                  000006c6    00000004                                   : exit.c.obj (.text:abort:abort)

.cinit     0    000006d0    000000bc     
                  000006d0    000000a9     (.cinit..data.load) [load image, compression = lzss]
                  00000779    00000003     --HOLE-- [fill = 0]
                  0000077c    00000008     (__TI_handler_table)
                  00000784    00000008     (__TI_cinit_table)

.init_array 
*          0    00000000    00000000     UNINITIALIZED

.data      0    20000200    0000013b     UNINITIALIZED
                  20000200    0000013b     port_lcfg.obj (.data:PortCfgArr)

.stack     0    20000000    00000200     UNINITIALIZED
                  20000000    00000004     rtsv7M4_T_le_v4SPD16_eabi.lib : boot_cortex_m.c.obj (.stack)
                  20000004    000001fc     --HOLE--

MODULE SUMMARY

       Module                         code   ro data   rw data
       ------                         ----   -------   -------
    .\
       tm4c1231h6pm_startup_ccs.obj   12     620       0      
    +--+------------------------------+------+---------+---------+
       Total:                         12     620       0      
                                                              
    .\tm4c123_firmware\appl\
       lab_00_dio.obj                 28     0         0      
    +--+------------------------------+------+---------+---------+
       Total:                         28     0         0      
                                                              
    .\tm4c123_firmware\config\
       port_lcfg.obj                  0      0         315    
    +--+------------------------------+------+---------+---------+
       Total:                         0      0         315    
                                                              
    .\tm4c123_firmware\mcal\dio\
       dio.obj                        120    0         0      
    +--+------------------------------+------+---------+---------+
       Total:                         120    0         0      
                                                              
    .\tm4c123_firmware\mcal\port_driver\
       port.obj                       348    0         0      
    +--+------------------------------+------+---------+---------+
       Total:                         348    0         0      
                                                              
    .\tm4c123_firmware\mcal\sys_ctr\
       SysCtr.obj                     208    0         0      
    +--+------------------------------+------+---------+---------+
       Total:                         208    0         0      
                                                              
    C:\ti\ccs910\ccs\tools\compiler\ti-cgt-arm_18.12.2.LTS\lib\rtsv7M4_T_le_v4SPD16_eabi.lib
       memcpy_t2.asm.obj              156    0         0      
       copy_decompress_lzss.c.obj     104    0         0      
       autoinit.c.obj                 68     0         0      
       boot_cortex_m.c.obj            52     0         0      
       copy_decompress_none.c.obj     14     0         0      
       exit.c.obj                     4      0         0      
       pre_init.c.obj                 4      0         0      
    +--+------------------------------+------+---------+---------+
       Total:                         402    0         0      
                                                              
       Stack:                         0      0         512    
       Linker Generated:              0      185       0      
    +--+------------------------------+------+---------+---------+
       Grand Total:                   1118   805       827    


LINKER GENERATED COPY TABLES

__TI_cinit_table @ 00000784 records: 1, size/record: 8, table size: 8
	.data: load addr=000006d0, load size=000000a9 bytes, run addr=20000200, run size=0000013b bytes, compression=lzss


LINKER GENERATED HANDLER TABLE

__TI_handler_table @ 0000077c records: 2, size/record: 4, table size: 8
	index: 0, handler: __TI_decompress_lzss
	index: 1, handler: __TI_decompress_none


GLOBAL SYMBOLS: SORTED ALPHABETICALLY BY Name 

address   name                          
-------   ----                          
000006c7  C$$EXIT                       
00000597  Dio_FlipChannel               
00000595  Dio_FlipPort                  
00000593  Dio_ReadChannel               
00000591  Dio_ReadPort                  
00000537  Dio_WriteChannel              
00000535  Dio_WritePort                 
0000026d  PORT_init                     
20000200  PortCfgArr                    
000006b7  ResetISR                      
000003c9  SysCtr_init                   
20000200  __STACK_END                   
00000200  __STACK_SIZE                  
20000200  __STACK_TOP                   
00000784  __TI_CINIT_Base               
0000078c  __TI_CINIT_Limit              
0000077c  __TI_Handler_Table_Base       
00000784  __TI_Handler_Table_Limit      
00000615  __TI_auto_init_nobinit_nopinit
000005ad  __TI_decompress_lzss          
000006a9  __TI_decompress_none          
ffffffff  __TI_pprof_out_hndl           
ffffffff  __TI_prof_data_size           
ffffffff  __TI_prof_data_start          
00000000  __TI_static_base__            
00000499  __aeabi_memcpy                
00000499  __aeabi_memcpy4               
00000499  __aeabi_memcpy8               
ffffffff  __binit__                     
ffffffff  __c_args__                    
UNDEFED   __mpu_init                    
20000000  __stack                       
00000659  _c_int00_noargs               
UNDEFED   _system_post_cinit            
000006c3  _system_pre_init              
000006c7  abort                         
ffffffff  binit                         
00000000  g_pfnVectors                  
0000068d  lab_00_dio                    
0000068d  main                          
00000499  memcpy                        


GLOBAL SYMBOLS: SORTED BY Symbol Address 

address   name                          
-------   ----                          
00000000  __TI_static_base__            
00000000  g_pfnVectors                  
00000200  __STACK_SIZE                  
0000026d  PORT_init                     
000003c9  SysCtr_init                   
00000499  __aeabi_memcpy                
00000499  __aeabi_memcpy4               
00000499  __aeabi_memcpy8               
00000499  memcpy                        
00000535  Dio_WritePort                 
00000537  Dio_WriteChannel              
00000591  Dio_ReadPort                  
00000593  Dio_ReadChannel               
00000595  Dio_FlipPort                  
00000597  Dio_FlipChannel               
000005ad  __TI_decompress_lzss          
00000615  __TI_auto_init_nobinit_nopinit
00000659  _c_int00_noargs               
0000068d  lab_00_dio                    
0000068d  main                          
000006a9  __TI_decompress_none          
000006b7  ResetISR                      
000006c3  _system_pre_init              
000006c7  C$$EXIT                       
000006c7  abort                         
0000077c  __TI_Handler_Table_Base       
00000784  __TI_CINIT_Base               
00000784  __TI_Handler_Table_Limit      
0000078c  __TI_CINIT_Limit              
20000000  __stack                       
20000200  PortCfgArr                    
20000200  __STACK_END                   
20000200  __STACK_TOP                   
ffffffff  __TI_pprof_out_hndl           
ffffffff  __TI_prof_data_size           
ffffffff  __TI_prof_data_start          
ffffffff  __binit__                     
ffffffff  __c_args__                    
ffffffff  binit                         
UNDEFED   __mpu_init                    
UNDEFED   _system_post_cinit            

[41 symbols]
